2026-03-09 09:26:13 - thingsboard-forecast - INFO - ============================================================
2026-03-09 09:26:13 - thingsboard-forecast - INFO - Starting thingsboard-power-forecast-api v1.0.0
2026-03-09 09:26:13 - thingsboard-forecast - INFO - ============================================================
2026-03-09 09:26:13 - thingsboard-forecast - INFO - Configuration validated successfully
2026-03-09 09:26:13 - thingsboard-forecast - INFO - ThingsBoard Host: https://windforce.thingsnode.cc
2026-03-09 09:26:13 - thingsboard-forecast - INFO - Default Target Level: 4
2026-03-09 09:26:13 - thingsboard-forecast - INFO - Timezone: Asia/Colombo
2026-03-09 09:26:13 - thingsboard-forecast - INFO - API is ready to accept requests
2026-03-09 09:26:13 - thingsboard-forecast - INFO - ============================================================
2026-03-09 09:29:14 - thingsboard-forecast - INFO - Received forecast request for asset: 78fda490-e08b-11f0-b68f-8f33a9d74e0c | already_have=True
2026-03-09 09:29:14 - thingsboard-forecast - INFO - Authenticating with ThingsBoard...
2026-03-09 09:29:15 - thingsboard-forecast - INFO - Successfully authenticated with ThingsBoard
2026-03-09 09:29:15 - thingsboard-forecast - INFO - Created job bbfaa116-9de2-412d-bdf3-14e8b5dab092 for asset 78fda490-e08b-11f0-b68f-8f33a9d74e0c
2026-03-09 09:29:15 - thingsboard-forecast - INFO - Forecast job bbfaa116-9de2-412d-bdf3-14e8b5dab092 started in background
2026-03-09 09:29:15 - thingsboard-forecast - INFO - Starting forecast job bbfaa116-9de2-412d-bdf3-14e8b5dab092 for main asset 78fda490-e08b-11f0-b68f-8f33a9d74e0c | already_have=True | start=2026-03-08T00:00:00+05:30 end=2026-03-08T23:59:59+05:30
2026-03-09 09:29:15 - thingsboard-forecast - INFO - Job bbfaa116-9de2-412d-bdf3-14e8b5dab092 status updated to running
2026-03-09 09:29:16 - thingsboard-forecast - INFO - Retrieving hierarchy from 78fda490-e08b-11f0-b68f-8f33a9d74e0c
2026-03-09 09:29:16 - thingsboard-forecast - INFO - Building hierarchy from root 78fda490-e08b-11f0-b68f-8f33a9d74e0c up to depth 4
2026-03-09 09:29:16 - thingsboard-forecast - INFO - Authenticating with ThingsBoard...
2026-03-09 09:29:17 - thingsboard-forecast - INFO - Successfully authenticated with ThingsBoard
2026-03-09 09:29:17 - thingsboard-forecast - INFO - Hierarchy level 2: found 7 assets
2026-03-09 09:29:19 - thingsboard-forecast - INFO - Hierarchy level 3: found 12 assets
2026-03-09 09:29:22 - thingsboard-forecast - INFO - Hierarchy level 4: found 8 assets
2026-03-09 09:29:22 - thingsboard-forecast - INFO - Hierarchy ready with 4 levels. Processing 8 assets at deepest level
2026-03-09 09:29:22 - thingsboard-forecast - INFO - Processing deepest asset 1/8: 973a7ea0-f06d-11f0-af3b-45cf7f181cac
2026-03-09 09:29:22 - thingsboard-forecast - INFO - Processing asset 973a7ea0-f06d-11f0-af3b-45cf7f181cac
2026-03-09 09:29:22 - thingsboard-forecast - INFO - Retrieved 24 attributes for 973a7ea0-f06d-11f0-af3b-45cf7f181cac
2026-03-09 09:29:22 - thingsboard-forecast - INFO - Running power prediction for 973a7ea0-f06d-11f0-af3b-45cf7f181cac
2026-03-09 09:29:25 - thingsboard-forecast - INFO - Prediction completed for 973a7ea0-f06d-11f0-af3b-45cf7f181cac: 458.62 kWh total
2026-03-09 09:29:25 - thingsboard-forecast - INFO - Writing telemetry for 973a7ea0-f06d-11f0-af3b-45cf7f181cac
2026-03-09 09:29:25 - thingsboard-forecast - INFO - Writing 288 telemetry records to 973a7ea0-f06d-11f0-af3b-45cf7f181cac
2026-03-09 09:31:11 - thingsboard-forecast - INFO - Successfully wrote 288 records to 973a7ea0-f06d-11f0-af3b-45cf7f181cac
2026-03-09 09:31:11 - thingsboard-forecast - INFO - Successfully wrote 288 telemetry records for 973a7ea0-f06d-11f0-af3b-45cf7f181cac
2026-03-09 09:31:11 - thingsboard-forecast - INFO - Writing 1 telemetry records to 973a7ea0-f06d-11f0-af3b-45cf7f181cac
2026-03-09 09:31:11 - thingsboard-forecast - INFO - Successfully wrote 1 records to 973a7ea0-f06d-11f0-af3b-45cf7f181cac
2026-03-09 09:31:11 - thingsboard-forecast - INFO - Successfully wrote 1 daily energy records for 973a7ea0-f06d-11f0-af3b-45cf7f181cac
2026-03-09 09:31:11 - thingsboard-forecast - INFO - Processing deepest asset 2/8: 10425f40-08a4-11f1-8bdd-cfe25c37864b
2026-03-09 09:31:11 - thingsboard-forecast - INFO - Processing asset 10425f40-08a4-11f1-8bdd-cfe25c37864b
2026-03-09 09:31:11 - thingsboard-forecast - INFO - Retrieved 24 attributes for 10425f40-08a4-11f1-8bdd-cfe25c37864b
2026-03-09 09:31:12 - thingsboard-forecast - INFO - Running power prediction for 10425f40-08a4-11f1-8bdd-cfe25c37864b
2026-03-09 09:31:14 - thingsboard-forecast - INFO - Prediction completed for 10425f40-08a4-11f1-8bdd-cfe25c37864b: 493.85 kWh total
2026-03-09 09:31:14 - thingsboard-forecast - INFO - Writing telemetry for 10425f40-08a4-11f1-8bdd-cfe25c37864b
2026-03-09 09:31:14 - thingsboard-forecast - INFO - Writing 288 telemetry records to 10425f40-08a4-11f1-8bdd-cfe25c37864b
2026-03-09 09:32:58 - thingsboard-forecast - INFO - Successfully wrote 288 records to 10425f40-08a4-11f1-8bdd-cfe25c37864b
2026-03-09 09:32:58 - thingsboard-forecast - INFO - Successfully wrote 288 telemetry records for 10425f40-08a4-11f1-8bdd-cfe25c37864b
2026-03-09 09:32:58 - thingsboard-forecast - INFO - Writing 1 telemetry records to 10425f40-08a4-11f1-8bdd-cfe25c37864b
2026-03-09 09:32:58 - thingsboard-forecast - INFO - Successfully wrote 1 records to 10425f40-08a4-11f1-8bdd-cfe25c37864b
2026-03-09 09:32:58 - thingsboard-forecast - INFO - Successfully wrote 1 daily energy records for 10425f40-08a4-11f1-8bdd-cfe25c37864b
2026-03-09 09:32:58 - thingsboard-forecast - INFO - Processing deepest asset 3/8: 87657cb0-08a4-11f1-8bdd-cfe25c37864b
2026-03-09 09:32:58 - thingsboard-forecast - INFO - Processing asset 87657cb0-08a4-11f1-8bdd-cfe25c37864b
2026-03-09 09:32:58 - thingsboard-forecast - INFO - Retrieved 24 attributes for 87657cb0-08a4-11f1-8bdd-cfe25c37864b
2026-03-09 09:32:59 - thingsboard-forecast - WARNING - No telemetry data in range for asset 87657cb0-08a4-11f1-8bdd-cfe25c37864b
2026-03-09 09:32:59 - thingsboard-forecast - WARNING - Asset 87657cb0-08a4-11f1-8bdd-cfe25c37864b lacks historical data in requested range; continuing with forecast-only generation
2026-03-09 09:32:59 - thingsboard-forecast - INFO - Running power prediction for 87657cb0-08a4-11f1-8bdd-cfe25c37864b
2026-03-09 09:33:01 - thingsboard-forecast - INFO - Prediction completed for 87657cb0-08a4-11f1-8bdd-cfe25c37864b: 2480.75 kWh total
2026-03-09 09:33:01 - thingsboard-forecast - INFO - Writing telemetry for 87657cb0-08a4-11f1-8bdd-cfe25c37864b
2026-03-09 09:33:01 - thingsboard-forecast - INFO - Writing 288 telemetry records to 87657cb0-08a4-11f1-8bdd-cfe25c37864b
2026-03-09 09:34:44 - thingsboard-forecast - INFO - Successfully wrote 288 records to 87657cb0-08a4-11f1-8bdd-cfe25c37864b
2026-03-09 09:34:44 - thingsboard-forecast - INFO - Successfully wrote 288 telemetry records for 87657cb0-08a4-11f1-8bdd-cfe25c37864b
2026-03-09 09:34:44 - thingsboard-forecast - INFO - Writing 1 telemetry records to 87657cb0-08a4-11f1-8bdd-cfe25c37864b
2026-03-09 09:34:44 - thingsboard-forecast - INFO - Successfully wrote 1 records to 87657cb0-08a4-11f1-8bdd-cfe25c37864b
2026-03-09 09:34:44 - thingsboard-forecast - INFO - Successfully wrote 1 daily energy records for 87657cb0-08a4-11f1-8bdd-cfe25c37864b
2026-03-09 09:34:44 - thingsboard-forecast - INFO - Processing deepest asset 4/8: 35fa65d0-08a3-11f1-8bdd-cfe25c37864b
2026-03-09 09:34:44 - thingsboard-forecast - INFO - Processing asset 35fa65d0-08a3-11f1-8bdd-cfe25c37864b
2026-03-09 09:34:45 - thingsboard-forecast - INFO - Retrieved 24 attributes for 35fa65d0-08a3-11f1-8bdd-cfe25c37864b
2026-03-09 09:34:45 - thingsboard-forecast - INFO - Running power prediction for 35fa65d0-08a3-11f1-8bdd-cfe25c37864b
2026-03-09 09:34:48 - thingsboard-forecast - INFO - Prediction completed for 35fa65d0-08a3-11f1-8bdd-cfe25c37864b: 1228.96 kWh total
2026-03-09 09:34:48 - thingsboard-forecast - INFO - Writing telemetry for 35fa65d0-08a3-11f1-8bdd-cfe25c37864b
2026-03-09 09:34:48 - thingsboard-forecast - INFO - Writing 288 telemetry records to 35fa65d0-08a3-11f1-8bdd-cfe25c37864b
2026-03-09 09:36:37 - thingsboard-forecast - INFO - Successfully wrote 288 records to 35fa65d0-08a3-11f1-8bdd-cfe25c37864b
2026-03-09 09:36:37 - thingsboard-forecast - INFO - Successfully wrote 288 telemetry records for 35fa65d0-08a3-11f1-8bdd-cfe25c37864b
2026-03-09 09:36:37 - thingsboard-forecast - INFO - Writing 1 telemetry records to 35fa65d0-08a3-11f1-8bdd-cfe25c37864b
2026-03-09 09:36:37 - thingsboard-forecast - INFO - Successfully wrote 1 records to 35fa65d0-08a3-11f1-8bdd-cfe25c37864b
2026-03-09 09:36:37 - thingsboard-forecast - INFO - Successfully wrote 1 daily energy records for 35fa65d0-08a3-11f1-8bdd-cfe25c37864b
2026-03-09 09:36:37 - thingsboard-forecast - INFO - Processing deepest asset 5/8: c85151a0-08a3-11f1-8bdd-cfe25c37864b
2026-03-09 09:36:37 - thingsboard-forecast - INFO - Processing asset c85151a0-08a3-11f1-8bdd-cfe25c37864b
2026-03-09 09:36:37 - thingsboard-forecast - INFO - Retrieved 24 attributes for c85151a0-08a3-11f1-8bdd-cfe25c37864b
2026-03-09 09:36:38 - thingsboard-forecast - INFO - Running power prediction for c85151a0-08a3-11f1-8bdd-cfe25c37864b
2026-03-09 09:36:40 - thingsboard-forecast - INFO - Prediction completed for c85151a0-08a3-11f1-8bdd-cfe25c37864b: 1780.26 kWh total
2026-03-09 09:36:40 - thingsboard-forecast - INFO - Writing telemetry for c85151a0-08a3-11f1-8bdd-cfe25c37864b
2026-03-09 09:36:40 - thingsboard-forecast - INFO - Writing 288 telemetry records to c85151a0-08a3-11f1-8bdd-cfe25c37864b
2026-03-09 09:38:25 - thingsboard-forecast - INFO - Successfully wrote 288 records to c85151a0-08a3-11f1-8bdd-cfe25c37864b
2026-03-09 09:38:25 - thingsboard-forecast - INFO - Successfully wrote 288 telemetry records for c85151a0-08a3-11f1-8bdd-cfe25c37864b
2026-03-09 09:38:25 - thingsboard-forecast - INFO - Writing 1 telemetry records to c85151a0-08a3-11f1-8bdd-cfe25c37864b
2026-03-09 09:38:25 - thingsboard-forecast - INFO - Successfully wrote 1 records to c85151a0-08a3-11f1-8bdd-cfe25c37864b
2026-03-09 09:38:25 - thingsboard-forecast - INFO - Successfully wrote 1 daily energy records for c85151a0-08a3-11f1-8bdd-cfe25c37864b
2026-03-09 09:38:25 - thingsboard-forecast - INFO - Processing deepest asset 6/8: 8ea89070-089f-11f1-8bdd-cfe25c37864b
2026-03-09 09:38:25 - thingsboard-forecast - INFO - Processing asset 8ea89070-089f-11f1-8bdd-cfe25c37864b
2026-03-09 09:38:25 - thingsboard-forecast - INFO - Retrieved 24 attributes for 8ea89070-089f-11f1-8bdd-cfe25c37864b
2026-03-09 09:38:26 - thingsboard-forecast - INFO - Running power prediction for 8ea89070-089f-11f1-8bdd-cfe25c37864b
2026-03-09 09:38:28 - thingsboard-forecast - INFO - Prediction completed for 8ea89070-089f-11f1-8bdd-cfe25c37864b: 698.43 kWh total
2026-03-09 09:38:28 - thingsboard-forecast - INFO - Writing telemetry for 8ea89070-089f-11f1-8bdd-cfe25c37864b
2026-03-09 09:38:28 - thingsboard-forecast - INFO - Writing 288 telemetry records to 8ea89070-089f-11f1-8bdd-cfe25c37864b
2026-03-09 09:40:09 - thingsboard-forecast - INFO - Successfully wrote 288 records to 8ea89070-089f-11f1-8bdd-cfe25c37864b
2026-03-09 09:40:09 - thingsboard-forecast - INFO - Successfully wrote 288 telemetry records for 8ea89070-089f-11f1-8bdd-cfe25c37864b
2026-03-09 09:40:09 - thingsboard-forecast - INFO - Writing 1 telemetry records to 8ea89070-089f-11f1-8bdd-cfe25c37864b
2026-03-09 09:40:09 - thingsboard-forecast - INFO - Successfully wrote 1 records to 8ea89070-089f-11f1-8bdd-cfe25c37864b
2026-03-09 09:40:09 - thingsboard-forecast - INFO - Successfully wrote 1 daily energy records for 8ea89070-089f-11f1-8bdd-cfe25c37864b
2026-03-09 09:40:09 - thingsboard-forecast - INFO - Processing deepest asset 7/8: 50ed6b00-16e3-11f1-8d01-cff7a27c53e8
2026-03-09 09:40:09 - thingsboard-forecast - INFO - Processing asset 50ed6b00-16e3-11f1-8d01-cff7a27c53e8
2026-03-09 09:40:09 - thingsboard-forecast - INFO - Retrieved 21 attributes for 50ed6b00-16e3-11f1-8d01-cff7a27c53e8
2026-03-09 09:40:10 - thingsboard-forecast - INFO - Running power prediction for 50ed6b00-16e3-11f1-8d01-cff7a27c53e8
2026-03-09 09:40:10 - thingsboard-forecast - ERROR - Power prediction failed for 50ed6b00-16e3-11f1-8d01-cff7a27c53e8: int() argument must be a string, a bytes-like object or a real number, not 'NoneType'
2026-03-09 09:40:10 - thingsboard-forecast - WARNING - Job bbfaa116-9de2-412d-bdf3-14e8b5dab092 - Asset 50ed6b00-16e3-11f1-8d01-cff7a27c53e8 error: forecast_calculation_error: int() argument must be a string, a bytes-like object or a real number, not 'NoneType'
2026-03-09 09:40:10 - thingsboard-forecast - INFO - Processing deepest asset 8/8: 0c982af0-07ff-11f1-8bdd-cfe25c37864b
2026-03-09 09:40:10 - thingsboard-forecast - INFO - Processing asset 0c982af0-07ff-11f1-8bdd-cfe25c37864b
2026-03-09 09:40:10 - thingsboard-forecast - INFO - Retrieved 24 attributes for 0c982af0-07ff-11f1-8bdd-cfe25c37864b
2026-03-09 09:40:11 - thingsboard-forecast - INFO - Running power prediction for 0c982af0-07ff-11f1-8bdd-cfe25c37864b
2026-03-09 09:40:13 - thingsboard-forecast - INFO - Prediction completed for 0c982af0-07ff-11f1-8bdd-cfe25c37864b: 1125.84 kWh total
2026-03-09 09:40:13 - thingsboard-forecast - INFO - Writing telemetry for 0c982af0-07ff-11f1-8bdd-cfe25c37864b
2026-03-09 09:40:13 - thingsboard-forecast - INFO - Writing 288 telemetry records to 0c982af0-07ff-11f1-8bdd-cfe25c37864b
2026-03-09 09:41:56 - thingsboard-forecast - INFO - Successfully wrote 288 records to 0c982af0-07ff-11f1-8bdd-cfe25c37864b
2026-03-09 09:41:56 - thingsboard-forecast - INFO - Successfully wrote 288 telemetry records for 0c982af0-07ff-11f1-8bdd-cfe25c37864b
2026-03-09 09:41:56 - thingsboard-forecast - INFO - Writing 1 telemetry records to 0c982af0-07ff-11f1-8bdd-cfe25c37864b
2026-03-09 09:41:56 - thingsboard-forecast - INFO - Successfully wrote 1 records to 0c982af0-07ff-11f1-8bdd-cfe25c37864b
2026-03-09 09:41:56 - thingsboard-forecast - INFO - Successfully wrote 1 daily energy records for 0c982af0-07ff-11f1-8bdd-cfe25c37864b
2026-03-09 09:41:56 - thingsboard-forecast - INFO - Level 4 total forecast: 4057.79 kWh across 7 assets
2026-03-09 09:41:56 - thingsboard-forecast - INFO - Level 4 total daily forecast: 4057.79 kWh across 7 assets
2026-03-09 09:41:56 - thingsboard-forecast - INFO - Rolled up 288 records for parent f1b84100-e564-11f0-b68f-8f33a9d74e0c from 2 children | total=477.88 kWh (interval telemetry write skipped for roll-up)
2026-03-09 09:41:56 - thingsboard-forecast - INFO - Writing 1 telemetry records to f1b84100-e564-11f0-b68f-8f33a9d74e0c
2026-03-09 09:41:57 - thingsboard-forecast - INFO - Successfully wrote 1 records to f1b84100-e564-11f0-b68f-8f33a9d74e0c
2026-03-09 09:41:57 - thingsboard-forecast - INFO - Rolled up and wrote 1 daily records for parent f1b84100-e564-11f0-b68f-8f33a9d74e0c from 2 children | total=477.88 kWh
2026-03-09 09:41:57 - thingsboard-forecast - WARNING - No child telemetry available to roll up for parent 6bbf4050-e08a-11f0-b68f-8f33a9d74e0c
2026-03-09 09:41:57 - thingsboard-forecast - WARNING - No child daily telemetry available to roll up for parent 6bbf4050-e08a-11f0-b68f-8f33a9d74e0c
2026-03-09 09:41:57 - thingsboard-forecast - WARNING - No child telemetry available to roll up for parent c5437c70-e564-11f0-b68f-8f33a9d74e0c
2026-03-09 09:41:57 - thingsboard-forecast - WARNING - No child daily telemetry available to roll up for parent c5437c70-e564-11f0-b68f-8f33a9d74e0c
2026-03-09 09:41:57 - thingsboard-forecast - INFO - Rolled up 288 records for parent baa26d70-e565-11f0-b68f-8f33a9d74e0c from 1 children | total=1189.24 kWh (interval telemetry write skipped for roll-up)
2026-03-09 09:41:57 - thingsboard-forecast - INFO - Writing 1 telemetry records to baa26d70-e565-11f0-b68f-8f33a9d74e0c
2026-03-09 09:41:57 - thingsboard-forecast - INFO - Successfully wrote 1 records to baa26d70-e565-11f0-b68f-8f33a9d74e0c
2026-03-09 09:41:57 - thingsboard-forecast - INFO - Rolled up and wrote 1 daily records for parent baa26d70-e565-11f0-b68f-8f33a9d74e0c from 1 children | total=1189.24 kWh
2026-03-09 09:41:57 - thingsboard-forecast - WARNING - No child telemetry available to roll up for parent e548daa0-e565-11f0-b68f-8f33a9d74e0c
2026-03-09 09:41:57 - thingsboard-forecast - WARNING - No child daily telemetry available to roll up for parent e548daa0-e565-11f0-b68f-8f33a9d74e0c
2026-03-09 09:41:57 - thingsboard-forecast - WARNING - No child telemetry available to roll up for parent d42a87a0-e565-11f0-b68f-8f33a9d74e0c
2026-03-09 09:41:57 - thingsboard-forecast - WARNING - No child daily telemetry available to roll up for parent d42a87a0-e565-11f0-b68f-8f33a9d74e0c
2026-03-09 09:41:57 - thingsboard-forecast - INFO - Rolled up 288 records for parent 585b86f0-08a7-11f1-8bdd-cfe25c37864b from 1 children | total=626.89 kWh (interval telemetry write skipped for roll-up)
2026-03-09 09:41:57 - thingsboard-forecast - INFO - Writing 1 telemetry records to 585b86f0-08a7-11f1-8bdd-cfe25c37864b
2026-03-09 09:41:58 - thingsboard-forecast - INFO - Successfully wrote 1 records to 585b86f0-08a7-11f1-8bdd-cfe25c37864b
2026-03-09 09:41:58 - thingsboard-forecast - INFO - Rolled up and wrote 1 daily records for parent 585b86f0-08a7-11f1-8bdd-cfe25c37864b from 1 children | total=626.89 kWh
2026-03-09 09:41:58 - thingsboard-forecast - INFO - Rolled up 288 records for parent 064d18f0-e56c-11f0-b68f-8f33a9d74e0c from 1 children | total=877.56 kWh (interval telemetry write skipped for roll-up)
2026-03-09 09:41:58 - thingsboard-forecast - INFO - Writing 1 telemetry records to 064d18f0-e56c-11f0-b68f-8f33a9d74e0c
2026-03-09 09:41:58 - thingsboard-forecast - INFO - Successfully wrote 1 records to 064d18f0-e56c-11f0-b68f-8f33a9d74e0c
2026-03-09 09:41:58 - thingsboard-forecast - INFO - Rolled up and wrote 1 daily records for parent 064d18f0-e56c-11f0-b68f-8f33a9d74e0c from 1 children | total=877.56 kWh
2026-03-09 09:41:58 - thingsboard-forecast - WARNING - No child telemetry available to roll up for parent 33420a00-e56c-11f0-b68f-8f33a9d74e0c
2026-03-09 09:41:58 - thingsboard-forecast - WARNING - No child daily telemetry available to roll up for parent 33420a00-e56c-11f0-b68f-8f33a9d74e0c
2026-03-09 09:41:58 - thingsboard-forecast - INFO - Rolled up 288 records for parent 011fb860-08a8-11f1-8bdd-cfe25c37864b from 1 children | total=319.67 kWh (interval telemetry write skipped for roll-up)
2026-03-09 09:41:58 - thingsboard-forecast - INFO - Writing 1 telemetry records to 011fb860-08a8-11f1-8bdd-cfe25c37864b
2026-03-09 09:41:58 - thingsboard-forecast - INFO - Successfully wrote 1 records to 011fb860-08a8-11f1-8bdd-cfe25c37864b
2026-03-09 09:41:58 - thingsboard-forecast - INFO - Rolled up and wrote 1 daily records for parent 011fb860-08a8-11f1-8bdd-cfe25c37864b from 1 children | total=319.67 kWh
2026-03-09 09:41:58 - thingsboard-forecast - WARNING - No child telemetry available to roll up for parent 209da440-16e5-11f1-8d01-cff7a27c53e8
2026-03-09 09:41:58 - thingsboard-forecast - WARNING - No child daily telemetry available to roll up for parent 209da440-16e5-11f1-8d01-cff7a27c53e8
2026-03-09 09:41:58 - thingsboard-forecast - INFO - Rolled up 288 records for parent 891165b0-08a9-11f1-8bdd-cfe25c37864b from 1 children | total=566.55 kWh (interval telemetry write skipped for roll-up)
2026-03-09 09:41:58 - thingsboard-forecast - INFO - Writing 1 telemetry records to 891165b0-08a9-11f1-8bdd-cfe25c37864b
2026-03-09 09:41:59 - thingsboard-forecast - INFO - Successfully wrote 1 records to 891165b0-08a9-11f1-8bdd-cfe25c37864b
2026-03-09 09:41:59 - thingsboard-forecast - INFO - Rolled up and wrote 1 daily records for parent 891165b0-08a9-11f1-8bdd-cfe25c37864b from 1 children | total=566.55 kWh
2026-03-09 09:41:59 - thingsboard-forecast - INFO - Level 3 roll-up total: 4057.79 kWh across 6 parent assets
2026-03-09 09:41:59 - thingsboard-forecast - INFO - Level 3 daily roll-up total: 4057.79 kWh
2026-03-09 09:41:59 - thingsboard-forecast - INFO - Rolled up 288 records for parent 2e68a010-e08b-11f0-b68f-8f33a9d74e0c from 1 children | total=477.88 kWh (interval telemetry write skipped for roll-up)
2026-03-09 09:41:59 - thingsboard-forecast - INFO - Writing 1 telemetry records to 2e68a010-e08b-11f0-b68f-8f33a9d74e0c
2026-03-09 09:41:59 - thingsboard-forecast - INFO - Successfully wrote 1 records to 2e68a010-e08b-11f0-b68f-8f33a9d74e0c
2026-03-09 09:41:59 - thingsboard-forecast - INFO - Rolled up and wrote 1 daily records for parent 2e68a010-e08b-11f0-b68f-8f33a9d74e0c from 1 children | total=477.88 kWh
2026-03-09 09:41:59 - thingsboard-forecast - INFO - Rolled up 288 records for parent 542eab00-e559-11f0-b68f-8f33a9d74e0c from 1 children | total=1189.24 kWh (interval telemetry write skipped for roll-up)
2026-03-09 09:41:59 - thingsboard-forecast - INFO - Writing 1 telemetry records to 542eab00-e559-11f0-b68f-8f33a9d74e0c
2026-03-09 09:41:59 - thingsboard-forecast - INFO - Successfully wrote 1 records to 542eab00-e559-11f0-b68f-8f33a9d74e0c
2026-03-09 09:41:59 - thingsboard-forecast - INFO - Rolled up and wrote 1 daily records for parent 542eab00-e559-11f0-b68f-8f33a9d74e0c from 1 children | total=1189.24 kWh
2026-03-09 09:41:59 - thingsboard-forecast - INFO - Rolled up 288 records for parent 5bc1d660-e55b-11f0-b68f-8f33a9d74e0c from 1 children | total=626.89 kWh (interval telemetry write skipped for roll-up)
2026-03-09 09:41:59 - thingsboard-forecast - INFO - Writing 1 telemetry records to 5bc1d660-e55b-11f0-b68f-8f33a9d74e0c
2026-03-09 09:42:00 - thingsboard-forecast - INFO - Successfully wrote 1 records to 5bc1d660-e55b-11f0-b68f-8f33a9d74e0c
2026-03-09 09:42:00 - thingsboard-forecast - INFO - Rolled up and wrote 1 daily records for parent 5bc1d660-e55b-11f0-b68f-8f33a9d74e0c from 1 children | total=626.89 kWh
2026-03-09 09:42:00 - thingsboard-forecast - INFO - Rolled up 288 records for parent 922edf70-e55d-11f0-b68f-8f33a9d74e0c from 1 children | total=877.56 kWh (interval telemetry write skipped for roll-up)
2026-03-09 09:42:00 - thingsboard-forecast - INFO - Writing 1 telemetry records to 922edf70-e55d-11f0-b68f-8f33a9d74e0c
2026-03-09 09:42:00 - thingsboard-forecast - INFO - Successfully wrote 1 records to 922edf70-e55d-11f0-b68f-8f33a9d74e0c
2026-03-09 09:42:00 - thingsboard-forecast - INFO - Rolled up and wrote 1 daily records for parent 922edf70-e55d-11f0-b68f-8f33a9d74e0c from 1 children | total=877.56 kWh
2026-03-09 09:42:00 - thingsboard-forecast - INFO - Rolled up 288 records for parent f3b48730-e559-11f0-b68f-8f33a9d74e0c from 1 children | total=319.67 kWh (interval telemetry write skipped for roll-up)
2026-03-09 09:42:00 - thingsboard-forecast - INFO - Writing 1 telemetry records to f3b48730-e559-11f0-b68f-8f33a9d74e0c
2026-03-09 09:42:00 - thingsboard-forecast - INFO - Successfully wrote 1 records to f3b48730-e559-11f0-b68f-8f33a9d74e0c
2026-03-09 09:42:00 - thingsboard-forecast - INFO - Rolled up and wrote 1 daily records for parent f3b48730-e559-11f0-b68f-8f33a9d74e0c from 1 children | total=319.67 kWh
2026-03-09 09:42:00 - thingsboard-forecast - WARNING - No child telemetry available to roll up for parent e3722a60-e55b-11f0-b68f-8f33a9d74e0c
2026-03-09 09:42:00 - thingsboard-forecast - WARNING - No child daily telemetry available to roll up for parent e3722a60-e55b-11f0-b68f-8f33a9d74e0c
2026-03-09 09:42:00 - thingsboard-forecast - INFO - Rolled up 288 records for parent 3bbe5780-e55b-11f0-b68f-8f33a9d74e0c from 1 children | total=566.55 kWh (interval telemetry write skipped for roll-up)
2026-03-09 09:42:00 - thingsboard-forecast - INFO - Writing 1 telemetry records to 3bbe5780-e55b-11f0-b68f-8f33a9d74e0c
2026-03-09 09:42:01 - thingsboard-forecast - INFO - Successfully wrote 1 records to 3bbe5780-e55b-11f0-b68f-8f33a9d74e0c
2026-03-09 09:42:01 - thingsboard-forecast - INFO - Rolled up and wrote 1 daily records for parent 3bbe5780-e55b-11f0-b68f-8f33a9d74e0c from 1 children | total=566.55 kWh
2026-03-09 09:42:01 - thingsboard-forecast - INFO - Level 2 roll-up total: 4057.79 kWh across 6 parent assets
2026-03-09 09:42:01 - thingsboard-forecast - INFO - Level 2 daily roll-up total: 4057.79 kWh
2026-03-09 09:42:01 - thingsboard-forecast - INFO - Rolled up 288 records for parent 78fda490-e08b-11f0-b68f-8f33a9d74e0c from 6 children | total=4057.79 kWh (interval telemetry write skipped for roll-up)
2026-03-09 09:42:01 - thingsboard-forecast - INFO - Writing 1 telemetry records to 78fda490-e08b-11f0-b68f-8f33a9d74e0c
2026-03-09 09:42:01 - thingsboard-forecast - INFO - Successfully wrote 1 records to 78fda490-e08b-11f0-b68f-8f33a9d74e0c
2026-03-09 09:42:01 - thingsboard-forecast - INFO - Rolled up and wrote 1 daily records for parent 78fda490-e08b-11f0-b68f-8f33a9d74e0c from 6 children | total=4057.79 kWh
2026-03-09 09:42:01 - thingsboard-forecast - INFO - Level 1 roll-up total: 4057.79 kWh across 1 parent assets
2026-03-09 09:42:01 - thingsboard-forecast - INFO - Level 1 daily roll-up total: 4057.79 kWh
2026-03-09 09:42:01 - thingsboard-forecast - INFO - Forecast job bbfaa116-9de2-412d-bdf3-14e8b5dab092 completed: 7 successful, 1 failed, 0 skipped
2026-03-09 09:42:01 - thingsboard-forecast - INFO - Job bbfaa116-9de2-412d-bdf3-14e8b5dab092 status updated to completed
2026-03-09 13:20:37 - thingsboard-forecast - INFO - ============================================================
2026-03-09 13:20:37 - thingsboard-forecast - INFO - Starting thingsboard-power-forecast-api v1.0.0
2026-03-09 13:20:37 - thingsboard-forecast - INFO - ============================================================
2026-03-09 13:20:37 - thingsboard-forecast - INFO - Configuration validated successfully
2026-03-09 13:20:37 - thingsboard-forecast - INFO - ThingsBoard Host: https://windforce.thingsnode.cc
2026-03-09 13:20:37 - thingsboard-forecast - INFO - Default Target Level: 4
2026-03-09 13:20:37 - thingsboard-forecast - INFO - Timezone: Asia/Colombo
2026-03-09 13:20:37 - thingsboard-forecast - INFO - API is ready to accept requests
2026-03-09 13:20:37 - thingsboard-forecast - INFO - ============================================================
2026-03-09 13:20:52 - thingsboard-forecast - INFO - Received forecast request for asset: 78fda490-e08b-11f0-b68f-8f33a9d74e0c | already_have=True
2026-03-09 13:20:53 - thingsboard-forecast - INFO - Authenticating with ThingsBoard...
2026-03-09 13:20:54 - thingsboard-forecast - INFO - Successfully authenticated with ThingsBoard
2026-03-09 13:20:54 - thingsboard-forecast - INFO - Created job b3cb99c0-7353-4500-b577-fa4160664ef4 for asset 78fda490-e08b-11f0-b68f-8f33a9d74e0c
2026-03-09 13:20:54 - thingsboard-forecast - INFO - Forecast job b3cb99c0-7353-4500-b577-fa4160664ef4 started in background
2026-03-09 13:20:54 - thingsboard-forecast - INFO - Starting forecast job b3cb99c0-7353-4500-b577-fa4160664ef4 for main asset 78fda490-e08b-11f0-b68f-8f33a9d74e0c | already_have=True | start=2026-03-08T00:00:00+05:30 end=2026-03-08T23:59:59+05:30
2026-03-09 13:20:54 - thingsboard-forecast - INFO - Job b3cb99c0-7353-4500-b577-fa4160664ef4 status updated to running
2026-03-09 13:20:54 - thingsboard-forecast - INFO - Retrieving hierarchy from 78fda490-e08b-11f0-b68f-8f33a9d74e0c
2026-03-09 13:20:54 - thingsboard-forecast - INFO - Building hierarchy from root 78fda490-e08b-11f0-b68f-8f33a9d74e0c up to depth 4
2026-03-09 13:20:54 - thingsboard-forecast - INFO - Authenticating with ThingsBoard...
2026-03-09 13:20:55 - thingsboard-forecast - INFO - Successfully authenticated with ThingsBoard
2026-03-09 13:20:56 - thingsboard-forecast - INFO - Hierarchy level 2: found 7 assets
2026-03-09 13:20:58 - thingsboard-forecast - INFO - Hierarchy level 3: found 12 assets
2026-03-09 13:21:01 - thingsboard-forecast - INFO - Hierarchy level 4: found 8 assets
2026-03-09 13:21:01 - thingsboard-forecast - INFO - Hierarchy ready with 4 levels. Processing 8 assets at deepest level
2026-03-09 13:21:01 - thingsboard-forecast - INFO - Processing deepest asset 1/8: 973a7ea0-f06d-11f0-af3b-45cf7f181cac
2026-03-09 13:21:01 - thingsboard-forecast - INFO - Processing asset 973a7ea0-f06d-11f0-af3b-45cf7f181cac
2026-03-09 13:21:02 - thingsboard-forecast - INFO - Retrieved 24 attributes for 973a7ea0-f06d-11f0-af3b-45cf7f181cac
2026-03-09 13:21:02 - thingsboard-forecast - INFO - Running power prediction for 973a7ea0-f06d-11f0-af3b-45cf7f181cac
2026-03-09 13:21:06 - thingsboard-forecast - INFO - Prediction completed for 973a7ea0-f06d-11f0-af3b-45cf7f181cac: 464.27 kWh total
2026-03-09 13:21:06 - thingsboard-forecast - INFO - Writing telemetry for 973a7ea0-f06d-11f0-af3b-45cf7f181cac
2026-03-09 13:21:06 - thingsboard-forecast - INFO - Writing 288 telemetry records to 973a7ea0-f06d-11f0-af3b-45cf7f181cac
2026-03-09 13:23:04 - thingsboard-forecast - INFO - Successfully wrote 288 records to 973a7ea0-f06d-11f0-af3b-45cf7f181cac
2026-03-09 13:23:04 - thingsboard-forecast - INFO - Successfully wrote 288 telemetry records for 973a7ea0-f06d-11f0-af3b-45cf7f181cac
2026-03-09 13:23:04 - thingsboard-forecast - INFO - Writing 1 telemetry records to 973a7ea0-f06d-11f0-af3b-45cf7f181cac
2026-03-09 13:23:05 - thingsboard-forecast - INFO - Successfully wrote 1 records to 973a7ea0-f06d-11f0-af3b-45cf7f181cac
2026-03-09 13:23:05 - thingsboard-forecast - INFO - Successfully wrote 1 daily energy records for 973a7ea0-f06d-11f0-af3b-45cf7f181cac
2026-03-09 13:23:05 - thingsboard-forecast - INFO - Processing deepest asset 2/8: 10425f40-08a4-11f1-8bdd-cfe25c37864b
2026-03-09 13:23:05 - thingsboard-forecast - INFO - Processing asset 10425f40-08a4-11f1-8bdd-cfe25c37864b
2026-03-09 13:23:05 - thingsboard-forecast - INFO - Retrieved 24 attributes for 10425f40-08a4-11f1-8bdd-cfe25c37864b
2026-03-09 13:23:05 - thingsboard-forecast - INFO - Running power prediction for 10425f40-08a4-11f1-8bdd-cfe25c37864b
2026-03-09 13:23:09 - thingsboard-forecast - INFO - Prediction completed for 10425f40-08a4-11f1-8bdd-cfe25c37864b: 498.97 kWh total
2026-03-09 13:23:09 - thingsboard-forecast - INFO - Writing telemetry for 10425f40-08a4-11f1-8bdd-cfe25c37864b
2026-03-09 13:23:09 - thingsboard-forecast - INFO - Writing 288 telemetry records to 10425f40-08a4-11f1-8bdd-cfe25c37864b
2026-03-09 13:24:56 - thingsboard-forecast - INFO - Successfully wrote 288 records to 10425f40-08a4-11f1-8bdd-cfe25c37864b
2026-03-09 13:24:56 - thingsboard-forecast - INFO - Successfully wrote 288 telemetry records for 10425f40-08a4-11f1-8bdd-cfe25c37864b
2026-03-09 13:24:57 - thingsboard-forecast - INFO - Writing 1 telemetry records to 10425f40-08a4-11f1-8bdd-cfe25c37864b
2026-03-09 13:24:57 - thingsboard-forecast - INFO - Successfully wrote 1 records to 10425f40-08a4-11f1-8bdd-cfe25c37864b
2026-03-09 13:24:57 - thingsboard-forecast - INFO - Successfully wrote 1 daily energy records for 10425f40-08a4-11f1-8bdd-cfe25c37864b
2026-03-09 13:24:57 - thingsboard-forecast - INFO - Processing deepest asset 3/8: 87657cb0-08a4-11f1-8bdd-cfe25c37864b
2026-03-09 13:24:57 - thingsboard-forecast - INFO - Processing asset 87657cb0-08a4-11f1-8bdd-cfe25c37864b
2026-03-09 13:24:57 - thingsboard-forecast - INFO - Retrieved 24 attributes for 87657cb0-08a4-11f1-8bdd-cfe25c37864b
2026-03-09 13:24:57 - thingsboard-forecast - WARNING - No telemetry data in range for asset 87657cb0-08a4-11f1-8bdd-cfe25c37864b
2026-03-09 13:24:57 - thingsboard-forecast - WARNING - Asset 87657cb0-08a4-11f1-8bdd-cfe25c37864b lacks historical data in requested range; continuing with forecast-only generation
2026-03-09 13:24:57 - thingsboard-forecast - INFO - Running power prediction for 87657cb0-08a4-11f1-8bdd-cfe25c37864b
2026-03-09 13:24:59 - thingsboard-forecast - INFO - Prediction completed for 87657cb0-08a4-11f1-8bdd-cfe25c37864b: 2493.75 kWh total
2026-03-09 13:24:59 - thingsboard-forecast - INFO - Writing telemetry for 87657cb0-08a4-11f1-8bdd-cfe25c37864b
2026-03-09 13:24:59 - thingsboard-forecast - INFO - Writing 288 telemetry records to 87657cb0-08a4-11f1-8bdd-cfe25c37864b
2026-03-09 13:29:20 - thingsboard-forecast - INFO - ============================================================
2026-03-09 13:29:20 - thingsboard-forecast - INFO - Starting thingsboard-power-forecast-api v1.0.0
2026-03-09 13:29:20 - thingsboard-forecast - INFO - ============================================================
2026-03-09 13:29:20 - thingsboard-forecast - INFO - Configuration validated successfully
2026-03-09 13:29:20 - thingsboard-forecast - INFO - ThingsBoard Host: https://windforce.thingsnode.cc
2026-03-09 13:29:20 - thingsboard-forecast - INFO - Default Target Level: 4
2026-03-09 13:29:20 - thingsboard-forecast - INFO - Timezone: Asia/Colombo
2026-03-09 13:29:20 - thingsboard-forecast - INFO - API is ready to accept requests
2026-03-09 13:29:20 - thingsboard-forecast - INFO - ============================================================
2026-03-09 14:27:49 - thingsboard-forecast - INFO - Received forecast request for asset: 78fda490-e08b-11f0-b68f-8f33a9d74e0c | already_have=True
2026-03-09 14:27:49 - thingsboard-forecast - INFO - Authenticating with ThingsBoard...
2026-03-09 14:27:50 - thingsboard-forecast - INFO - Successfully authenticated with ThingsBoard
2026-03-09 14:27:50 - thingsboard-forecast - INFO - Created job 0249dd2e-606b-4107-ad73-19346e2b69c0 for asset 78fda490-e08b-11f0-b68f-8f33a9d74e0c
2026-03-09 14:27:50 - thingsboard-forecast - INFO - Forecast job 0249dd2e-606b-4107-ad73-19346e2b69c0 started in background
2026-03-09 14:27:50 - thingsboard-forecast - INFO - Starting forecast job 0249dd2e-606b-4107-ad73-19346e2b69c0 for main asset 78fda490-e08b-11f0-b68f-8f33a9d74e0c | already_have=True | start=2026-03-08T00:00:00+05:30 end=2026-03-08T23:59:59+05:30
2026-03-09 14:27:50 - thingsboard-forecast - INFO - Job 0249dd2e-606b-4107-ad73-19346e2b69c0 status updated to running
2026-03-09 14:27:51 - thingsboard-forecast - INFO - Retrieving hierarchy from 78fda490-e08b-11f0-b68f-8f33a9d74e0c
2026-03-09 14:27:51 - thingsboard-forecast - INFO - Building hierarchy from root 78fda490-e08b-11f0-b68f-8f33a9d74e0c up to depth 4
2026-03-09 14:27:51 - thingsboard-forecast - INFO - Authenticating with ThingsBoard...
2026-03-09 14:27:52 - thingsboard-forecast - INFO - Successfully authenticated with ThingsBoard
2026-03-09 14:27:52 - thingsboard-forecast - INFO - Hierarchy level 2: found 7 assets
2026-03-09 14:27:53 - thingsboard-forecast - INFO - Hierarchy level 3: found 12 assets
2026-03-09 14:27:56 - thingsboard-forecast - INFO - Hierarchy level 4: found 8 assets
2026-03-09 14:27:56 - thingsboard-forecast - INFO - Hierarchy ready with 4 levels. Processing 8 assets at deepest level
2026-03-09 14:27:56 - thingsboard-forecast - INFO - Processing deepest asset 1/8: 973a7ea0-f06d-11f0-af3b-45cf7f181cac
2026-03-09 14:27:56 - thingsboard-forecast - INFO - Processing asset 973a7ea0-f06d-11f0-af3b-45cf7f181cac
2026-03-09 14:27:56 - thingsboard-forecast - INFO - Retrieved 24 attributes for 973a7ea0-f06d-11f0-af3b-45cf7f181cac
2026-03-09 14:27:57 - thingsboard-forecast - INFO - Running power prediction for 973a7ea0-f06d-11f0-af3b-45cf7f181cac
2026-03-09 14:27:59 - thingsboard-forecast - INFO - Prediction completed for 973a7ea0-f06d-11f0-af3b-45cf7f181cac: 465.39 kWh total
2026-03-09 14:27:59 - thingsboard-forecast - INFO - Writing telemetry for 973a7ea0-f06d-11f0-af3b-45cf7f181cac
2026-03-09 14:27:59 - thingsboard-forecast - INFO - Writing 288 telemetry records to 973a7ea0-f06d-11f0-af3b-45cf7f181cac in a single API call
2026-03-09 14:28:00 - thingsboard-forecast - INFO - Successfully wrote 288 records to 973a7ea0-f06d-11f0-af3b-45cf7f181cac
2026-03-09 14:28:00 - thingsboard-forecast - INFO - Successfully wrote 288 telemetry records for 973a7ea0-f06d-11f0-af3b-45cf7f181cac
2026-03-09 14:28:00 - thingsboard-forecast - INFO - Writing 1 telemetry records to 973a7ea0-f06d-11f0-af3b-45cf7f181cac in a single API call
2026-03-09 14:28:00 - thingsboard-forecast - INFO - Successfully wrote 1 records to 973a7ea0-f06d-11f0-af3b-45cf7f181cac
2026-03-09 14:28:00 - thingsboard-forecast - INFO - Successfully wrote 1 daily energy records for 973a7ea0-f06d-11f0-af3b-45cf7f181cac
2026-03-09 14:28:00 - thingsboard-forecast - INFO - Processing deepest asset 2/8: 10425f40-08a4-11f1-8bdd-cfe25c37864b
2026-03-09 14:28:00 - thingsboard-forecast - INFO - Processing asset 10425f40-08a4-11f1-8bdd-cfe25c37864b
2026-03-09 14:28:00 - thingsboard-forecast - INFO - Retrieved 24 attributes for 10425f40-08a4-11f1-8bdd-cfe25c37864b
2026-03-09 14:28:00 - thingsboard-forecast - INFO - Running power prediction for 10425f40-08a4-11f1-8bdd-cfe25c37864b
2026-03-09 14:28:02 - thingsboard-forecast - INFO - Prediction completed for 10425f40-08a4-11f1-8bdd-cfe25c37864b: 499.91 kWh total
2026-03-09 14:28:02 - thingsboard-forecast - INFO - Writing telemetry for 10425f40-08a4-11f1-8bdd-cfe25c37864b
2026-03-09 14:28:02 - thingsboard-forecast - INFO - Writing 288 telemetry records to 10425f40-08a4-11f1-8bdd-cfe25c37864b in a single API call
2026-03-09 14:28:02 - thingsboard-forecast - INFO - Successfully wrote 288 records to 10425f40-08a4-11f1-8bdd-cfe25c37864b
2026-03-09 14:28:02 - thingsboard-forecast - INFO - Successfully wrote 288 telemetry records for 10425f40-08a4-11f1-8bdd-cfe25c37864b
2026-03-09 14:28:02 - thingsboard-forecast - INFO - Writing 1 telemetry records to 10425f40-08a4-11f1-8bdd-cfe25c37864b in a single API call
2026-03-09 14:28:02 - thingsboard-forecast - INFO - Successfully wrote 1 records to 10425f40-08a4-11f1-8bdd-cfe25c37864b
2026-03-09 14:28:02 - thingsboard-forecast - INFO - Successfully wrote 1 daily energy records for 10425f40-08a4-11f1-8bdd-cfe25c37864b
2026-03-09 14:28:02 - thingsboard-forecast - INFO - Processing deepest asset 3/8: 87657cb0-08a4-11f1-8bdd-cfe25c37864b
2026-03-09 14:28:02 - thingsboard-forecast - INFO - Processing asset 87657cb0-08a4-11f1-8bdd-cfe25c37864b
2026-03-09 14:28:03 - thingsboard-forecast - INFO - Retrieved 24 attributes for 87657cb0-08a4-11f1-8bdd-cfe25c37864b
2026-03-09 14:28:03 - thingsboard-forecast - WARNING - No telemetry data in range for asset 87657cb0-08a4-11f1-8bdd-cfe25c37864b
2026-03-09 14:28:03 - thingsboard-forecast - WARNING - Asset 87657cb0-08a4-11f1-8bdd-cfe25c37864b lacks historical data in requested range; continuing with forecast-only generation
2026-03-09 14:28:03 - thingsboard-forecast - INFO - Running power prediction for 87657cb0-08a4-11f1-8bdd-cfe25c37864b
2026-03-09 14:28:04 - thingsboard-forecast - INFO - Prediction completed for 87657cb0-08a4-11f1-8bdd-cfe25c37864b: 2490.09 kWh total
2026-03-09 14:28:04 - thingsboard-forecast - INFO - Writing telemetry for 87657cb0-08a4-11f1-8bdd-cfe25c37864b
2026-03-09 14:28:04 - thingsboard-forecast - INFO - Writing 288 telemetry records to 87657cb0-08a4-11f1-8bdd-cfe25c37864b in a single API call
2026-03-09 14:28:05 - thingsboard-forecast - INFO - Successfully wrote 288 records to 87657cb0-08a4-11f1-8bdd-cfe25c37864b
2026-03-09 14:28:05 - thingsboard-forecast - INFO - Successfully wrote 288 telemetry records for 87657cb0-08a4-11f1-8bdd-cfe25c37864b
2026-03-09 14:28:05 - thingsboard-forecast - INFO - Writing 1 telemetry records to 87657cb0-08a4-11f1-8bdd-cfe25c37864b in a single API call
2026-03-09 14:28:05 - thingsboard-forecast - INFO - Successfully wrote 1 records to 87657cb0-08a4-11f1-8bdd-cfe25c37864b
2026-03-09 14:28:05 - thingsboard-forecast - INFO - Successfully wrote 1 daily energy records for 87657cb0-08a4-11f1-8bdd-cfe25c37864b
2026-03-09 14:28:05 - thingsboard-forecast - INFO - Processing deepest asset 4/8: 35fa65d0-08a3-11f1-8bdd-cfe25c37864b
2026-03-09 14:28:05 - thingsboard-forecast - INFO - Processing asset 35fa65d0-08a3-11f1-8bdd-cfe25c37864b
2026-03-09 14:28:05 - thingsboard-forecast - INFO - Retrieved 24 attributes for 35fa65d0-08a3-11f1-8bdd-cfe25c37864b
2026-03-09 14:28:06 - thingsboard-forecast - INFO - Running power prediction for 35fa65d0-08a3-11f1-8bdd-cfe25c37864b
2026-03-09 14:28:07 - thingsboard-forecast - INFO - Prediction completed for 35fa65d0-08a3-11f1-8bdd-cfe25c37864b: 1228.92 kWh total
2026-03-09 14:28:07 - thingsboard-forecast - INFO - Writing telemetry for 35fa65d0-08a3-11f1-8bdd-cfe25c37864b
2026-03-09 14:28:07 - thingsboard-forecast - INFO - Writing 288 telemetry records to 35fa65d0-08a3-11f1-8bdd-cfe25c37864b in a single API call
2026-03-09 14:28:08 - thingsboard-forecast - INFO - Successfully wrote 288 records to 35fa65d0-08a3-11f1-8bdd-cfe25c37864b
2026-03-09 14:28:08 - thingsboard-forecast - INFO - Successfully wrote 288 telemetry records for 35fa65d0-08a3-11f1-8bdd-cfe25c37864b
2026-03-09 14:28:08 - thingsboard-forecast - INFO - Writing 1 telemetry records to 35fa65d0-08a3-11f1-8bdd-cfe25c37864b in a single API call
2026-03-09 14:28:08 - thingsboard-forecast - INFO - Successfully wrote 1 records to 35fa65d0-08a3-11f1-8bdd-cfe25c37864b
2026-03-09 14:28:08 - thingsboard-forecast - INFO - Successfully wrote 1 daily energy records for 35fa65d0-08a3-11f1-8bdd-cfe25c37864b
2026-03-09 14:28:08 - thingsboard-forecast - INFO - Processing deepest asset 5/8: c85151a0-08a3-11f1-8bdd-cfe25c37864b
2026-03-09 14:28:08 - thingsboard-forecast - INFO - Processing asset c85151a0-08a3-11f1-8bdd-cfe25c37864b
2026-03-09 14:28:08 - thingsboard-forecast - INFO - Retrieved 24 attributes for c85151a0-08a3-11f1-8bdd-cfe25c37864b
2026-03-09 14:28:09 - thingsboard-forecast - INFO - Running power prediction for c85151a0-08a3-11f1-8bdd-cfe25c37864b
2026-03-09 14:28:10 - thingsboard-forecast - INFO - Prediction completed for c85151a0-08a3-11f1-8bdd-cfe25c37864b: 1792.95 kWh total
2026-03-09 14:28:10 - thingsboard-forecast - INFO - Writing telemetry for c85151a0-08a3-11f1-8bdd-cfe25c37864b
2026-03-09 14:28:10 - thingsboard-forecast - INFO - Writing 288 telemetry records to c85151a0-08a3-11f1-8bdd-cfe25c37864b in a single API call
2026-03-09 14:28:10 - thingsboard-forecast - INFO - Successfully wrote 288 records to c85151a0-08a3-11f1-8bdd-cfe25c37864b
2026-03-09 14:28:10 - thingsboard-forecast - INFO - Successfully wrote 288 telemetry records for c85151a0-08a3-11f1-8bdd-cfe25c37864b
2026-03-09 14:28:10 - thingsboard-forecast - INFO - Writing 1 telemetry records to c85151a0-08a3-11f1-8bdd-cfe25c37864b in a single API call
2026-03-09 14:28:11 - thingsboard-forecast - INFO - Successfully wrote 1 records to c85151a0-08a3-11f1-8bdd-cfe25c37864b
2026-03-09 14:28:11 - thingsboard-forecast - INFO - Successfully wrote 1 daily energy records for c85151a0-08a3-11f1-8bdd-cfe25c37864b
2026-03-09 14:28:11 - thingsboard-forecast - INFO - Processing deepest asset 6/8: 8ea89070-089f-11f1-8bdd-cfe25c37864b
2026-03-09 14:28:11 - thingsboard-forecast - INFO - Processing asset 8ea89070-089f-11f1-8bdd-cfe25c37864b
2026-03-09 14:28:11 - thingsboard-forecast - INFO - Retrieved 24 attributes for 8ea89070-089f-11f1-8bdd-cfe25c37864b
2026-03-09 14:28:11 - thingsboard-forecast - INFO - Running power prediction for 8ea89070-089f-11f1-8bdd-cfe25c37864b
2026-03-09 14:28:13 - thingsboard-forecast - INFO - Prediction completed for 8ea89070-089f-11f1-8bdd-cfe25c37864b: 722.25 kWh total
2026-03-09 14:28:13 - thingsboard-forecast - INFO - Writing telemetry for 8ea89070-089f-11f1-8bdd-cfe25c37864b
2026-03-09 14:28:13 - thingsboard-forecast - INFO - Writing 288 telemetry records to 8ea89070-089f-11f1-8bdd-cfe25c37864b in a single API call
2026-03-09 14:28:13 - thingsboard-forecast - INFO - Successfully wrote 288 records to 8ea89070-089f-11f1-8bdd-cfe25c37864b
2026-03-09 14:28:13 - thingsboard-forecast - INFO - Successfully wrote 288 telemetry records for 8ea89070-089f-11f1-8bdd-cfe25c37864b
2026-03-09 14:28:13 - thingsboard-forecast - INFO - Writing 1 telemetry records to 8ea89070-089f-11f1-8bdd-cfe25c37864b in a single API call
2026-03-09 14:28:13 - thingsboard-forecast - INFO - Successfully wrote 1 records to 8ea89070-089f-11f1-8bdd-cfe25c37864b
2026-03-09 14:28:13 - thingsboard-forecast - INFO - Successfully wrote 1 daily energy records for 8ea89070-089f-11f1-8bdd-cfe25c37864b
2026-03-09 14:28:13 - thingsboard-forecast - INFO - Processing deepest asset 7/8: 50ed6b00-16e3-11f1-8d01-cff7a27c53e8
2026-03-09 14:28:13 - thingsboard-forecast - INFO - Processing asset 50ed6b00-16e3-11f1-8d01-cff7a27c53e8
2026-03-09 14:28:13 - thingsboard-forecast - INFO - Retrieved 21 attributes for 50ed6b00-16e3-11f1-8d01-cff7a27c53e8
2026-03-09 14:28:14 - thingsboard-forecast - INFO - Running power prediction for 50ed6b00-16e3-11f1-8d01-cff7a27c53e8
2026-03-09 14:28:14 - thingsboard-forecast - ERROR - Power prediction failed for 50ed6b00-16e3-11f1-8d01-cff7a27c53e8: int() argument must be a string, a bytes-like object or a real number, not 'NoneType'
2026-03-09 14:28:14 - thingsboard-forecast - WARNING - Job 0249dd2e-606b-4107-ad73-19346e2b69c0 - Asset 50ed6b00-16e3-11f1-8d01-cff7a27c53e8 error: forecast_calculation_error: int() argument must be a string, a bytes-like object or a real number, not 'NoneType'
2026-03-09 14:28:14 - thingsboard-forecast - INFO - Processing deepest asset 8/8: 0c982af0-07ff-11f1-8bdd-cfe25c37864b
2026-03-09 14:28:14 - thingsboard-forecast - INFO - Processing asset 0c982af0-07ff-11f1-8bdd-cfe25c37864b
2026-03-09 14:28:14 - thingsboard-forecast - INFO - Retrieved 24 attributes for 0c982af0-07ff-11f1-8bdd-cfe25c37864b
2026-03-09 14:28:15 - thingsboard-forecast - INFO - Running power prediction for 0c982af0-07ff-11f1-8bdd-cfe25c37864b
2026-03-09 14:28:16 - thingsboard-forecast - INFO - Prediction completed for 0c982af0-07ff-11f1-8bdd-cfe25c37864b: 1130.70 kWh total
2026-03-09 14:28:16 - thingsboard-forecast - INFO - Writing telemetry for 0c982af0-07ff-11f1-8bdd-cfe25c37864b
2026-03-09 14:28:16 - thingsboard-forecast - INFO - Writing 288 telemetry records to 0c982af0-07ff-11f1-8bdd-cfe25c37864b in a single API call
2026-03-09 14:28:16 - thingsboard-forecast - INFO - Successfully wrote 288 records to 0c982af0-07ff-11f1-8bdd-cfe25c37864b
2026-03-09 14:28:16 - thingsboard-forecast - INFO - Successfully wrote 288 telemetry records for 0c982af0-07ff-11f1-8bdd-cfe25c37864b
2026-03-09 14:28:16 - thingsboard-forecast - INFO - Writing 1 telemetry records to 0c982af0-07ff-11f1-8bdd-cfe25c37864b in a single API call
2026-03-09 14:28:16 - thingsboard-forecast - INFO - Successfully wrote 1 records to 0c982af0-07ff-11f1-8bdd-cfe25c37864b
2026-03-09 14:28:16 - thingsboard-forecast - INFO - Successfully wrote 1 daily energy records for 0c982af0-07ff-11f1-8bdd-cfe25c37864b
2026-03-09 14:28:16 - thingsboard-forecast - INFO - Level 4 total forecast: 4057.79 kWh across 7 assets
2026-03-09 14:28:16 - thingsboard-forecast - INFO - Level 4 total daily forecast: 4057.79 kWh across 7 assets
2026-03-09 14:28:16 - thingsboard-forecast - INFO - Rolled up 288 records for parent f1b84100-e564-11f0-b68f-8f33a9d74e0c from 2 children | total=477.88 kWh (interval telemetry write skipped for roll-up)
2026-03-09 14:28:16 - thingsboard-forecast - INFO - Writing 1 telemetry records to f1b84100-e564-11f0-b68f-8f33a9d74e0c in a single API call
2026-03-09 14:28:17 - thingsboard-forecast - INFO - Successfully wrote 1 records to f1b84100-e564-11f0-b68f-8f33a9d74e0c
2026-03-09 14:28:17 - thingsboard-forecast - INFO - Rolled up and wrote 1 daily records for parent f1b84100-e564-11f0-b68f-8f33a9d74e0c from 2 children | total=477.88 kWh
2026-03-09 14:28:17 - thingsboard-forecast - WARNING - No child telemetry available to roll up for parent 6bbf4050-e08a-11f0-b68f-8f33a9d74e0c
2026-03-09 14:28:17 - thingsboard-forecast - WARNING - No child daily telemetry available to roll up for parent 6bbf4050-e08a-11f0-b68f-8f33a9d74e0c
2026-03-09 14:28:17 - thingsboard-forecast - WARNING - No child telemetry available to roll up for parent c5437c70-e564-11f0-b68f-8f33a9d74e0c
2026-03-09 14:28:17 - thingsboard-forecast - WARNING - No child daily telemetry available to roll up for parent c5437c70-e564-11f0-b68f-8f33a9d74e0c
2026-03-09 14:28:17 - thingsboard-forecast - INFO - Rolled up 288 records for parent baa26d70-e565-11f0-b68f-8f33a9d74e0c from 1 children | total=1189.24 kWh (interval telemetry write skipped for roll-up)
2026-03-09 14:28:17 - thingsboard-forecast - INFO - Writing 1 telemetry records to baa26d70-e565-11f0-b68f-8f33a9d74e0c in a single API call
2026-03-09 14:28:17 - thingsboard-forecast - INFO - Successfully wrote 1 records to baa26d70-e565-11f0-b68f-8f33a9d74e0c
2026-03-09 14:28:17 - thingsboard-forecast - INFO - Rolled up and wrote 1 daily records for parent baa26d70-e565-11f0-b68f-8f33a9d74e0c from 1 children | total=1189.24 kWh
2026-03-09 14:28:17 - thingsboard-forecast - WARNING - No child telemetry available to roll up for parent e548daa0-e565-11f0-b68f-8f33a9d74e0c
2026-03-09 14:28:17 - thingsboard-forecast - WARNING - No child daily telemetry available to roll up for parent e548daa0-e565-11f0-b68f-8f33a9d74e0c
2026-03-09 14:28:17 - thingsboard-forecast - WARNING - No child telemetry available to roll up for parent d42a87a0-e565-11f0-b68f-8f33a9d74e0c
2026-03-09 14:28:17 - thingsboard-forecast - WARNING - No child daily telemetry available to roll up for parent d42a87a0-e565-11f0-b68f-8f33a9d74e0c
2026-03-09 14:28:17 - thingsboard-forecast - INFO - Rolled up 288 records for parent 585b86f0-08a7-11f1-8bdd-cfe25c37864b from 1 children | total=626.89 kWh (interval telemetry write skipped for roll-up)
2026-03-09 14:28:17 - thingsboard-forecast - INFO - Writing 1 telemetry records to 585b86f0-08a7-11f1-8bdd-cfe25c37864b in a single API call
2026-03-09 14:28:17 - thingsboard-forecast - INFO - Successfully wrote 1 records to 585b86f0-08a7-11f1-8bdd-cfe25c37864b
2026-03-09 14:28:17 - thingsboard-forecast - INFO - Rolled up and wrote 1 daily records for parent 585b86f0-08a7-11f1-8bdd-cfe25c37864b from 1 children | total=626.89 kWh
2026-03-09 14:28:17 - thingsboard-forecast - INFO - Rolled up 288 records for parent 064d18f0-e56c-11f0-b68f-8f33a9d74e0c from 1 children | total=877.56 kWh (interval telemetry write skipped for roll-up)
2026-03-09 14:28:17 - thingsboard-forecast - INFO - Writing 1 telemetry records to 064d18f0-e56c-11f0-b68f-8f33a9d74e0c in a single API call
2026-03-09 14:28:17 - thingsboard-forecast - INFO - Successfully wrote 1 records to 064d18f0-e56c-11f0-b68f-8f33a9d74e0c
2026-03-09 14:28:17 - thingsboard-forecast - INFO - Rolled up and wrote 1 daily records for parent 064d18f0-e56c-11f0-b68f-8f33a9d74e0c from 1 children | total=877.56 kWh
2026-03-09 14:28:17 - thingsboard-forecast - WARNING - No child telemetry available to roll up for parent 33420a00-e56c-11f0-b68f-8f33a9d74e0c
2026-03-09 14:28:17 - thingsboard-forecast - WARNING - No child daily telemetry available to roll up for parent 33420a00-e56c-11f0-b68f-8f33a9d74e0c
2026-03-09 14:28:17 - thingsboard-forecast - INFO - Rolled up 288 records for parent 011fb860-08a8-11f1-8bdd-cfe25c37864b from 1 children | total=319.67 kWh (interval telemetry write skipped for roll-up)
2026-03-09 14:28:17 - thingsboard-forecast - INFO - Writing 1 telemetry records to 011fb860-08a8-11f1-8bdd-cfe25c37864b in a single API call
2026-03-09 14:28:18 - thingsboard-forecast - INFO - Successfully wrote 1 records to 011fb860-08a8-11f1-8bdd-cfe25c37864b
2026-03-09 14:28:18 - thingsboard-forecast - INFO - Rolled up and wrote 1 daily records for parent 011fb860-08a8-11f1-8bdd-cfe25c37864b from 1 children | total=319.67 kWh
2026-03-09 14:28:18 - thingsboard-forecast - WARNING - No child telemetry available to roll up for parent 209da440-16e5-11f1-8d01-cff7a27c53e8
2026-03-09 14:28:18 - thingsboard-forecast - WARNING - No child daily telemetry available to roll up for parent 209da440-16e5-11f1-8d01-cff7a27c53e8
2026-03-09 14:28:18 - thingsboard-forecast - INFO - Rolled up 288 records for parent 891165b0-08a9-11f1-8bdd-cfe25c37864b from 1 children | total=566.55 kWh (interval telemetry write skipped for roll-up)
2026-03-09 14:28:18 - thingsboard-forecast - INFO - Writing 1 telemetry records to 891165b0-08a9-11f1-8bdd-cfe25c37864b in a single API call
2026-03-09 14:28:18 - thingsboard-forecast - INFO - Successfully wrote 1 records to 891165b0-08a9-11f1-8bdd-cfe25c37864b
2026-03-09 14:28:18 - thingsboard-forecast - INFO - Rolled up and wrote 1 daily records for parent 891165b0-08a9-11f1-8bdd-cfe25c37864b from 1 children | total=566.55 kWh
2026-03-09 14:28:18 - thingsboard-forecast - INFO - Level 3 roll-up total: 4057.79 kWh across 6 parent assets
2026-03-09 14:28:18 - thingsboard-forecast - INFO - Level 3 daily roll-up total: 4057.79 kWh
2026-03-09 14:28:18 - thingsboard-forecast - INFO - Rolled up 288 records for parent 2e68a010-e08b-11f0-b68f-8f33a9d74e0c from 1 children | total=477.88 kWh (interval telemetry write skipped for roll-up)
2026-03-09 14:28:18 - thingsboard-forecast - INFO - Writing 1 telemetry records to 2e68a010-e08b-11f0-b68f-8f33a9d74e0c in a single API call
2026-03-09 14:28:18 - thingsboard-forecast - INFO - Successfully wrote 1 records to 2e68a010-e08b-11f0-b68f-8f33a9d74e0c
2026-03-09 14:28:18 - thingsboard-forecast - INFO - Rolled up and wrote 1 daily records for parent 2e68a010-e08b-11f0-b68f-8f33a9d74e0c from 1 children | total=477.88 kWh
2026-03-09 14:28:18 - thingsboard-forecast - INFO - Rolled up 288 records for parent 542eab00-e559-11f0-b68f-8f33a9d74e0c from 1 children | total=1189.24 kWh (interval telemetry write skipped for roll-up)
2026-03-09 14:28:18 - thingsboard-forecast - INFO - Writing 1 telemetry records to 542eab00-e559-11f0-b68f-8f33a9d74e0c in a single API call
2026-03-09 14:28:18 - thingsboard-forecast - INFO - Successfully wrote 1 records to 542eab00-e559-11f0-b68f-8f33a9d74e0c
2026-03-09 14:28:18 - thingsboard-forecast - INFO - Rolled up and wrote 1 daily records for parent 542eab00-e559-11f0-b68f-8f33a9d74e0c from 1 children | total=1189.24 kWh
2026-03-09 14:28:18 - thingsboard-forecast - INFO - Rolled up 288 records for parent 5bc1d660-e55b-11f0-b68f-8f33a9d74e0c from 1 children | total=626.89 kWh (interval telemetry write skipped for roll-up)
2026-03-09 14:28:18 - thingsboard-forecast - INFO - Writing 1 telemetry records to 5bc1d660-e55b-11f0-b68f-8f33a9d74e0c in a single API call
2026-03-09 14:28:19 - thingsboard-forecast - INFO - Successfully wrote 1 records to 5bc1d660-e55b-11f0-b68f-8f33a9d74e0c
2026-03-09 14:28:19 - thingsboard-forecast - INFO - Rolled up and wrote 1 daily records for parent 5bc1d660-e55b-11f0-b68f-8f33a9d74e0c from 1 children | total=626.89 kWh
2026-03-09 14:28:19 - thingsboard-forecast - INFO - Rolled up 288 records for parent 922edf70-e55d-11f0-b68f-8f33a9d74e0c from 1 children | total=877.56 kWh (interval telemetry write skipped for roll-up)
2026-03-09 14:28:19 - thingsboard-forecast - INFO - Writing 1 telemetry records to 922edf70-e55d-11f0-b68f-8f33a9d74e0c in a single API call
2026-03-09 14:28:19 - thingsboard-forecast - INFO - Successfully wrote 1 records to 922edf70-e55d-11f0-b68f-8f33a9d74e0c
2026-03-09 14:28:19 - thingsboard-forecast - INFO - Rolled up and wrote 1 daily records for parent 922edf70-e55d-11f0-b68f-8f33a9d74e0c from 1 children | total=877.56 kWh
2026-03-09 14:28:19 - thingsboard-forecast - INFO - Rolled up 288 records for parent f3b48730-e559-11f0-b68f-8f33a9d74e0c from 1 children | total=319.67 kWh (interval telemetry write skipped for roll-up)
2026-03-09 14:28:19 - thingsboard-forecast - INFO - Writing 1 telemetry records to f3b48730-e559-11f0-b68f-8f33a9d74e0c in a single API call
2026-03-09 14:28:19 - thingsboard-forecast - INFO - Successfully wrote 1 records to f3b48730-e559-11f0-b68f-8f33a9d74e0c
2026-03-09 14:28:19 - thingsboard-forecast - INFO - Rolled up and wrote 1 daily records for parent f3b48730-e559-11f0-b68f-8f33a9d74e0c from 1 children | total=319.67 kWh
2026-03-09 14:28:19 - thingsboard-forecast - WARNING - No child telemetry available to roll up for parent e3722a60-e55b-11f0-b68f-8f33a9d74e0c
2026-03-09 14:28:19 - thingsboard-forecast - WARNING - No child daily telemetry available to roll up for parent e3722a60-e55b-11f0-b68f-8f33a9d74e0c
2026-03-09 14:28:19 - thingsboard-forecast - INFO - Rolled up 288 records for parent 3bbe5780-e55b-11f0-b68f-8f33a9d74e0c from 1 children | total=566.55 kWh (interval telemetry write skipped for roll-up)
2026-03-09 14:28:19 - thingsboard-forecast - INFO - Writing 1 telemetry records to 3bbe5780-e55b-11f0-b68f-8f33a9d74e0c in a single API call
2026-03-09 14:28:19 - thingsboard-forecast - INFO - Successfully wrote 1 records to 3bbe5780-e55b-11f0-b68f-8f33a9d74e0c
2026-03-09 14:28:19 - thingsboard-forecast - INFO - Rolled up and wrote 1 daily records for parent 3bbe5780-e55b-11f0-b68f-8f33a9d74e0c from 1 children | total=566.55 kWh
2026-03-09 14:28:19 - thingsboard-forecast - INFO - Level 2 roll-up total: 4057.79 kWh across 6 parent assets
2026-03-09 14:28:19 - thingsboard-forecast - INFO - Level 2 daily roll-up total: 4057.79 kWh
2026-03-09 14:28:19 - thingsboard-forecast - INFO - Rolled up 288 records for parent 78fda490-e08b-11f0-b68f-8f33a9d74e0c from 6 children | total=4057.79 kWh (interval telemetry write skipped for roll-up)
2026-03-09 14:28:19 - thingsboard-forecast - INFO - Writing 1 telemetry records to 78fda490-e08b-11f0-b68f-8f33a9d74e0c in a single API call
2026-03-09 14:28:20 - thingsboard-forecast - INFO - Successfully wrote 1 records to 78fda490-e08b-11f0-b68f-8f33a9d74e0c
2026-03-09 14:28:20 - thingsboard-forecast - INFO - Rolled up and wrote 1 daily records for parent 78fda490-e08b-11f0-b68f-8f33a9d74e0c from 6 children | total=4057.79 kWh
2026-03-09 14:28:20 - thingsboard-forecast - INFO - Level 1 roll-up total: 4057.79 kWh across 1 parent assets
2026-03-09 14:28:20 - thingsboard-forecast - INFO - Level 1 daily roll-up total: 4057.79 kWh
2026-03-09 14:28:20 - thingsboard-forecast - INFO - Forecast job 0249dd2e-606b-4107-ad73-19346e2b69c0 completed: 7 successful, 1 failed, 0 skipped
2026-03-09 14:28:20 - thingsboard-forecast - INFO - Job 0249dd2e-606b-4107-ad73-19346e2b69c0 status updated to completed
